// Jest Snapshot v1, https://goo.gl/fbAQLP

exports[`renders correctly 1`] = `
<div
  className="container"
>
  <h2>
     Lets do some math!
  </h2>
  <table
    cellSpacing="0"
  >
    <tr>
      <td
        colSpan="3"
      >
        <div
          className="result"
        >
          0
        </div>
      </td>
    </tr>
    <tr>
      <td>
        <input
          className="others"
          onClick={[Function]}
          type="button"
          value="AC"
        />
         
      </td>
      <td>
        <input
          className="others"
          onClick={[Function]}
          type="button"
          value="+/-"
        />
         
      </td>
      <td>
        <input
          className="others"
          onClick={[Function]}
          type="button"
          value="%"
        />
         
      </td>
      <td>
        <input
          className="operants"
          onClick={[Function]}
          type="button"
          value="รท"
        />
         
      </td>
    </tr>
    <tr>
      <td>
        <input
          className="others"
          onClick={[Function]}
          type="button"
          value="7"
        />
         
      </td>
      <td>
        <input
          className="others"
          onClick={[Function]}
          type="button"
          value="8"
        />
         
      </td>
      <td>
        <input
          className="others"
          onClick={[Function]}
          type="button"
          value="9"
        />
         
      </td>
      <td>
        <input
          className="operants"
          onClick={[Function]}
          type="button"
          value="x"
        />
         
      </td>
    </tr>
    <tr>
      <td>
        <input
          className="others"
          onClick={[Function]}
          type="button"
          value="4"
        />
         
      </td>
      <td>
        <input
          className="others"
          onClick={[Function]}
          type="button"
          value="5"
        />
         
      </td>
      <td>
        <input
          className="others"
          onClick={[Function]}
          type="button"
          value="6"
        />
         
      </td>
      <td>
        <input
          className="operants"
          onClick={[Function]}
          type="button"
          value="-"
        />
         
      </td>
    </tr>
    <tr>
      <td>
        <input
          className="others"
          onClick={[Function]}
          type="button"
          value="1"
        />
         
      </td>
      <td>
        <input
          className="others"
          onClick={[Function]}
          type="button"
          value="2"
        />
         
      </td>
      <td>
        <input
          className="others"
          onClick={[Function]}
          type="button"
          value="3"
        />
         
      </td>
      <td>
        <input
          className="operants"
          onClick={[Function]}
          type="button"
          value="+"
        />
         
      </td>
    </tr>
    <tr>
      <td
        colSpan="2"
      >
        <input
          className="others"
          onClick={[Function]}
          type="button"
          value="0"
        />
         
      </td>
      <td>
        <input
          className="others"
          onClick={[Function]}
          type="button"
          value="."
        />
         
      </td>
      <td>
        <input
          className="operants"
          onClick={[Function]}
          type="button"
          value="="
        />
         
      </td>
    </tr>
  </table>
</div>
`;

exports[`renders correctly 2`] = `
<div
  className="home-container"
>
  <h3>
    What is a calculator
  </h3>
  <p>
     
    A calculator is a device that performs arithmetic operations on numbers. Basic calculators can do only addition, subtraction, multiplication and division mathematical calculations.However, more sophisticated calculators can handle exponential operations,square roots, logarithms, trigonometric functions and hyperbolic functions.
  </p>
  <p>
    Most calculators these days require electricity to operate or are battery-powered calculators. Calculators work by performing programmed functions based on numerical inputs. Before the electronic calculator (circa 1970), a more primitive calculator, the slide rule, was commonly used. It consisted of a slat of wood called the slide that could be moved in and out of a reinforced pair of slats. Both the slide and the outer pair of slats had calibrated numerical scales.
  </p>
  <h3>
    Types of calculators
  </h3>
  <h5>
    Basic calculators
  </h5>
  <p>
    The most basic calculator is the four-function calculator, which can perform basic arithmetic such as addition, subtraction, multiplication and division.
  </p>
  <h5>
    Scientific calculators
  </h5>
  <p>
    This type of calculator usually has more buttons than a standard calculator, as it needs to be able to perform trigonometric functions, logarithms, sine/cosine and exponential operations. The scientific calculator also usually has a larger display to view long equations and see more digits at a time.
  </p>
  <h5>
    Graphing calculators
  </h5>
  <p>
    The graphing calculator also can graph equations, for example, with more advanced mathematics like trigonometry, on a coordinate plane.
  </p>
</div>
`;
